node.exe : FAIL tests
/integration/routes/a
pi.test.js
At line:1 char:1
+ & "C:\Program Files
\nodejs/node.exe" 
"C:\Program 
Files\nodejs/node_mo 
...
+ ~~~~~~~~~~~~~~~~~~~
~~~~~~~~~~~~~~~~~~~~~
~~~~~~~~~~~~~~~~~~~~~
~~~~~~~~
    + CategoryInfo   
           : NotSpe  
  cified: (FAIL te   
 sts/inte...tes/a    
pi.test.js:Strin    
g) [], RemoteExc    
eption
    + FullyQualified 
   ErrorId : Native  
  CommandError
 
  API Routes 
Integration
    Auth Routes
      Ôùï skipped 
GET /api/auth/check 
- should return 401 
without token
      Ôùï skipped 
GET /api/auth/check 
- should return 200 
with valid token
      Ôùï skipped 
POST /api/auth/change
-password - should 
update password
      Ôùï skipped 
POST /api/auth/change
-password - error if 
missing password
    System Routes
      ÔêÜ POST /api/s
ystem/test-audio - 
should play audio 
locally (25 ms)
      ├ù POST /api/sy
stem/test-audio - 
should broadcast to 
browsers (9 ms)
      ÔêÜ POST /api/s
ystem/test-audio - 
should trigger 
VoiceMonkey (3 ms)
      ÔêÜ POST /api/s
ystem/test-audio - 
should validate 
inputs (4 ms)
      Ôùï skipped 
GET /api/system/jobs 
- should return jobs 
list
      Ôùï skipped 
GET /api/system/statu
s/automation - 
should call 
diagnostic service
      Ôùï skipped 
GET /api/system/statu
s/tts - should call 
diagnostic service
      Ôùï skipped 
GET /api/system/audio
-files - should 
return lists
      Ôùï skipped 
POST /api/system/rege
nerate-tts - should 
call service
      Ôùï skipped 
POST /api/system/vali
date-url - should 
check url
      Ôùï skipped 
POST /api/system/vali
date-url - should 
handle failure
    Settings Routes
      Ôùï skipped 
GET /api/settings - 
should return 
current config
      Ôùï skipped 
POST 
/api/settings/update 
- should validate 
and update config
      Ôùï skipped 
POST 
/api/settings/update 
- should fail on 
validation error
      Ôùï skipped 
POST /settings/reset 
- should reset config
      Ôùï skipped 
POST /settings/refres
h-cache - should 
force refresh
      Ôùï skipped 
POST /settings/refres
h-cache - should 
fail if both sources 
are unhealthy 
(Safeguard)
      Ôùï skipped 
POST /settings/refres
h-cache - should 
proceed if primary 
is unhealthy but 
backup is healthy
      Ôùï skipped 
POST /settings/refres
h-cache - should 
handle errors in 
stopAll
      Ôùï skipped 
POST /settings/refres
h-cache - should 
handle generic errors
      Ôùï skipped 
DELETE 
/settings/files - 
should delete file
      Ôùï skipped 
DELETE 
/settings/files - 
should handle 
missing file
    System Actions
      Ôùï skipped 
POST /api/system/rest
art-scheduler - 
should trigger hot 
reload
    File Upload
      Ôùï skipped 
POST 
/api/settings/upload 
- should upload file
    Prayers Route
      Ôùï skipped 
GET /api/prayers - 
should return prayers
      Ôùï skipped 
GET /api/prayers - 
should handle next 
prayer logic
    VoiceMonkey 
Routes
      Ôùï skipped 
POST /settings/creden
tials/voicemonkey - 
should save 
credentials
      Ôùï skipped 
POST /settings/creden
tials/voicemonkey - 
should fail if empty 
strings
      Ôùï skipped 
POST /settings/creden
tials/voicemonkey - 
should fail if 
missing fields
      Ôùï skipped 
DELETE /settings/cred
entials/voicemonkey 
- should remove 
credentials
      Ôùï skipped 
POST /system/test-voi
cemonkey - should 
call VM API
      Ôùï skipped 
POST /system/test-voi
cemonkey - should 
handle VM API failure
      Ôùï skipped 
POST /api/auth/setup 
- should handle 
internal errors
      Ôùï skipped 
POST /system/test-voi
cemonkey - should 
handle Network 
failure
    Additional Auth 
& System Coverage
      Ôùï skipped 
POST 
/api/auth/logout - 
should clear cookie
      Ôùï skipped 
POST /api/auth/login 
- should return 
SETUP_REQUIRED if no 
admin password env
      Ôùï skipped 
DELETE 
/api/settings/files 
- should delete file
      Ôùï skipped 
DELETE 
/api/settings/files 
- should handle not 
found
      Ôùï skipped 
DELETE 
/api/settings/files 
- should handle 
invalid filename
      Ôùï skipped 
POST /settings/reset 
- should delete 
local.json and reload
      Ôùï skipped 
POST /settings/reset 
- should handle file 
missing gracefully
      Ôùï skipped 
POST /settings/reset 
- should handle error
    Prayer Routes 
Extra Coverage
      Ôùï skipped 
GET /api/prayers - 
should handle 
missing cached data 
by fetching
      Ôùï skipped 
GET /api/prayers - 
should handle errors
    Settings Update 
Edge Cases
      Ôùï skipped 
POST 
/api/settings/update 
- should proceed if 
audio sync fails
      Ôùï skipped 
POST /settings/refres
h-cache - should 
proceed if audio 
sync fails
      Ôùï skipped 
POST /settings/refres
h-cache - should 
handle scheduler 
stop error
    MyMasjid Coverage
      Ôùï skipped 
POST 
/api/settings/update 
- should validate 
MyMasjid source
      Ôùï skipped 
POST 
/api/settings/update 
- should fail if 
MyMasjid ID missing
      Ôùï skipped 
POST 
/api/settings/update 
- should generate 
warnings if services 
unhealthy
    Upload Routes 
Coverage
      Ôùï skipped 
POST 
/settings/upload - 
should fail if no 
file

  ÔùÅ API Routes 
Integration ÔÇ║ 
System Routes ÔÇ║ 
POST /api/system/test
-audio - should 
broadcast to browsers

    expect(jest.fn())
.toHaveBeenCalledWith
(...expected)

    Expected: 
ObjectContaining 
{"type": 
"AUDIO_PLAY"}

    Number of calls: 
0

    [0m [90m 248 
|[39m               
  [33m.[39msend({ 
filename[33m:[39m 
[32m'test.mp3'[39m[
33m,[39m 
type[33m:[39m [32m
'custom'[39m[33m,[
39m 
target[33m:[39m 
[32m'browser'[39m 
})
     [90m 249 
|[39m               
  [33m.[39mexpect(
[35m200[39m)[33m;[
39m
    [31m[1m>[22m[
39m[90m 250 |[39m  
           expect(sse
Service[33m.[39mbro
adcast)[33m.[39mtoH
aveBeenCalledWith(exp
ect[33m.[39mobjectC
ontaining({ 
type[33m:[39m [32m
'AUDIO_PLAY'[39m 
}))[33m;[39m
     [90m     
|[39m               
                     
      
[31m[1m^[22m[39m
     [90m 251 
|[39m         
})[33m;[39m
     [90m 252 |[39m
     [90m 253 
|[39m         
it([32m'POST /api/sy
stem/test-audio - 
should trigger VoiceM
onkey'[39m[33m,[39
m [36masync[39m () 
[33m=>[39m {[0m

      at Object.toHav
eBeenCalledWith (test
s/integration/routes/
api.test.js:250:42)

Test Suites: 1 
failed, 1 total
Tests:       1 
failed, 51 skipped, 
3 passed, 55 total
Snapshots:   0 total
Time:        0.635 
s, estimated 1 s
Ran all test suites 
matching tests/integr
ation/routes/api.test
.js with tests 
matching 
"test-audio".
